.    qui tempfile tmp

. wbopendata, language(en - English) indicator(it.cel.sets.p2) long clear latest



Metadata: it.cel.sets.p2

-------------------------------------------------------------------------------------
    
    Name: Mobile cellular subscriptions (per 100 people)
 
  -----------------------------------------------------------------------------------
    
    Source: World Development Indicators
 
 ------------------------------------------------------------------------------------
    
    Source Note: Mobile cellular telephone subscriptions are subscriptions to a
    public mobile telephone service that provide access to the PSTN using cellular
    technology. The indicator includes (and is split into) the number of postpaid
    subscriptions, and the number of active prepaid accounts (i.e. that have been
    used during the last three months"}). The indicator applies to all mobile
    cellular subscriptions that offer voice communications. It excludes
    subscriptions via data cards or USB modems, subscriptions to public mobile data
    services, private trunked mobile radio, telepoint, radio paging and telemetry
    services.
 
 ------------------------------------------------------------------------------------
    
    Source Organization: International Telecommunication Union, World
    Telecommunication/ICT Development Report and database.
 
 ------------------------------------------------------------------------------------
    
      
    Topics: Infrastructure
 
 ------------------------------------------------------------------------------------



. local labelvar "`r(varlabel1)'"

. sort countrycode

. save `tmp', replace
(note: file C:\Users\wb255520\AppData\Local\Temp\ST_ea20_000003.tmp not found)
file C:\Users\wb255520\AppData\Local\Temp\ST_ea20_000003.tmp saved

. qui sysuse world-d, clear

. qui merge countrycode using `tmp'

. qui sum year

. local avg = string(`r(mean)',"%16.1f")

. spmap  it_cel_sets_p2 using "world-c.dta", id(_ID)                                 
&gt;  ///
&gt;                 clnumber(20) fcolor(Reds2) ocolor(none ..)                         
&gt;          ///
&gt;                 title("`labelvar'", size(*1.2))         ///
&gt;                 legstyle(3) legend(ring(1) position(3))                            
&gt;          ///
&gt;                 note("Source: World Development Indicators (latest available year: 
&gt; `avg') using  Azevedo, J.P. (2011) wbopendata: Stata module to " "access World Bank
&gt;  databases, Statistical Software Components S457234 Boston College Department of Ec
&gt; onomics.")
