{smcl}
{txt}{sf}{ul off}
{com}.    qui tempfile tmp
{txt}
{com}. wbopendata, language(en - English) indicator(it.cel.sets.p2) long clear latest



{txt}Metadata: {res}it.cel.sets.p2
{smcl}
{txt}
{hline}
    {p 4 4 2}{cmd:Name:} Mobile cellular subscriptions (per 100 people){p_end} 
  {hline}
    {p 4 4 2}{cmd:Source:} World Development Indicators{p_end} 
 {hline}
    {p 4 4 2}{cmd:Source Note:} Mobile cellular telephone subscriptions are subscriptions to a public mobile telephone service that provide access to the PSTN using cellular technology. The indicator includes (and is split into) the number of postpaid subscriptions, and the number of active prepaid accounts (i.e. that have been used during the last three months"}). The indicator applies to all mobile cellular subscriptions that offer voice communications. It excludes subscriptions via data cards or USB modems, subscriptions to public mobile data services, private trunked mobile radio, telepoint, radio paging and telemetry services.{p_end} 
 {hline}
    {p 4 4 2}{cmd:Source Organization:} International Telecommunication Union, World Telecommunication/ICT Development Report and database.{p_end} 
 {hline}
    
      {p 4 4 2}{cmd:Topics:} Infrastructure {p_end} 
 {hline}



{com}. local labelvar "`r(varlabel1)'"
{txt}
{com}. sort countrycode
{txt}
{com}. save `tmp', replace
{txt}(note: file C:\Users\wb255520\AppData\Local\Temp\ST_697c_000003.tmp not found)
file C:\Users\wb255520\AppData\Local\Temp\ST_697c_000003.tmp saved

{com}. qui sysuse world-d, clear
{txt}
{com}. qui merge countrycode using `tmp'
{txt}
{com}. qui sum year
{txt}
{com}. local avg = string(`r(mean)',"%16.1f")
{txt}
{com}. spmap  it_cel_sets_p2 using "world-c.dta", id(_ID)                                  ///
>                 clnumber(20) fcolor(Reds2) ocolor(none ..)                                  ///
>                 title("`labelvar'", size(*1.2))         ///
>                 legstyle(3) legend(ring(1) position(3))                                     ///
>                 note("Source: World Development Indicators (latest available year: `avg') using  Azevedo, J.P. (2011) wbopendata: Stata module to " "access World Bank databases, Statistical Software Components S457234 Boston College Department of Economics.")
{err}{p}File {bf:world-c.dta} not found{p_end}
{txt}{search r(601), local:r(601);}

end of do-file
{smcl}
{txt}{sf}{ul off}